C:\Program Files\dotnet\sdk\9.0.305\Microsoft.Common.CurrentVersion.targets(4916,5): warning MSB3026: Could not copy "obj\Debug\net8.0\HeThongThiDQ.dll" to "bin\Debug\net8.0\HeThongThiDQ.dll". Beginning retry 1 in 1000ms. The process cannot access the file 'E:\Software\25.QDAY\HeThongThiDQ\bin\Debug\net8.0\HeThongThiDQ.dll' because it is being used by another process. The file is locked by: "Microsoft Visual Studio 2022 (10064), IIS Express Worker Process (2368)" [E:\Software\25.QDAY\HeThongThiDQ\HeThongThiDQ.csproj]
C:\Program Files\dotnet\sdk\9.0.305\Microsoft.Common.CurrentVersion.targets(4916,5): warning MSB3026: Could not copy "obj\Debug\net8.0\HeThongThiDQ.dll" to "bin\Debug\net8.0\HeThongThiDQ.dll". Beginning retry 2 in 1000ms. The process cannot access the file 'E:\Software\25.QDAY\HeThongThiDQ\bin\Debug\net8.0\HeThongThiDQ.dll' because it is being used by another process. The file is locked by: "Microsoft Visual Studio 2022 (10064), IIS Express Worker Process (2368)" [E:\Software\25.QDAY\HeThongThiDQ\HeThongThiDQ.csproj]
C:\Program Files\dotnet\sdk\9.0.305\Microsoft.Common.CurrentVersion.targets(4916,5): warning MSB3026: Could not copy "obj\Debug\net8.0\HeThongThiDQ.dll" to "bin\Debug\net8.0\HeThongThiDQ.dll". Beginning retry 3 in 1000ms. The process cannot access the file 'E:\Software\25.QDAY\HeThongThiDQ\bin\Debug\net8.0\HeThongThiDQ.dll' because it is being used by another process. The file is locked by: "Microsoft Visual Studio 2022 (10064), IIS Express Worker Process (2368)" [E:\Software\25.QDAY\HeThongThiDQ\HeThongThiDQ.csproj]
C:\Program Files\dotnet\sdk\9.0.305\Microsoft.Common.CurrentVersion.targets(4916,5): warning MSB3026: Could not copy "obj\Debug\net8.0\HeThongThiDQ.dll" to "bin\Debug\net8.0\HeThongThiDQ.dll". Beginning retry 4 in 1000ms. The process cannot access the file 'E:\Software\25.QDAY\HeThongThiDQ\bin\Debug\net8.0\HeThongThiDQ.dll' because it is being used by another process. The file is locked by: "Microsoft Visual Studio 2022 (10064), IIS Express Worker Process (2368)" [E:\Software\25.QDAY\HeThongThiDQ\HeThongThiDQ.csproj]
C:\Program Files\dotnet\sdk\9.0.305\Microsoft.Common.CurrentVersion.targets(4916,5): warning MSB3026: Could not copy "obj\Debug\net8.0\HeThongThiDQ.dll" to "bin\Debug\net8.0\HeThongThiDQ.dll". Beginning retry 5 in 1000ms. The process cannot access the file 'E:\Software\25.QDAY\HeThongThiDQ\bin\Debug\net8.0\HeThongThiDQ.dll' because it is being used by another process. The file is locked by: "Microsoft Visual Studio 2022 (10064), IIS Express Worker Process (2368)" [E:\Software\25.QDAY\HeThongThiDQ\HeThongThiDQ.csproj]
C:\Program Files\dotnet\sdk\9.0.305\Microsoft.Common.CurrentVersion.targets(4916,5): warning MSB3026: Could not copy "obj\Debug\net8.0\HeThongThiDQ.dll" to "bin\Debug\net8.0\HeThongThiDQ.dll". Beginning retry 6 in 1000ms. The process cannot access the file 'E:\Software\25.QDAY\HeThongThiDQ\bin\Debug\net8.0\HeThongThiDQ.dll' because it is being used by another process. The file is locked by: "Microsoft Visual Studio 2022 (10064), IIS Express Worker Process (2368)" [E:\Software\25.QDAY\HeThongThiDQ\HeThongThiDQ.csproj]
C:\Program Files\dotnet\sdk\9.0.305\Microsoft.Common.CurrentVersion.targets(4916,5): warning MSB3026: Could not copy "obj\Debug\net8.0\HeThongThiDQ.dll" to "bin\Debug\net8.0\HeThongThiDQ.dll". Beginning retry 7 in 1000ms. The process cannot access the file 'E:\Software\25.QDAY\HeThongThiDQ\bin\Debug\net8.0\HeThongThiDQ.dll' because it is being used by another process. The file is locked by: "Microsoft Visual Studio 2022 (10064), IIS Express Worker Process (2368)" [E:\Software\25.QDAY\HeThongThiDQ\HeThongThiDQ.csproj]
C:\Program Files\dotnet\sdk\9.0.305\Microsoft.Common.CurrentVersion.targets(4916,5): warning MSB3026: Could not copy "obj\Debug\net8.0\HeThongThiDQ.dll" to "bin\Debug\net8.0\HeThongThiDQ.dll". Beginning retry 8 in 1000ms. The process cannot access the file 'E:\Software\25.QDAY\HeThongThiDQ\bin\Debug\net8.0\HeThongThiDQ.dll' because it is being used by another process. The file is locked by: "Microsoft Visual Studio 2022 (10064), IIS Express Worker Process (2368)" [E:\Software\25.QDAY\HeThongThiDQ\HeThongThiDQ.csproj]
C:\Program Files\dotnet\sdk\9.0.305\Microsoft.Common.CurrentVersion.targets(4916,5): warning MSB3026: Could not copy "obj\Debug\net8.0\HeThongThiDQ.dll" to "bin\Debug\net8.0\HeThongThiDQ.dll". Beginning retry 9 in 1000ms. The process cannot access the file 'E:\Software\25.QDAY\HeThongThiDQ\bin\Debug\net8.0\HeThongThiDQ.dll' because it is being used by another process. The file is locked by: "Microsoft Visual Studio 2022 (10064), IIS Express Worker Process (2368)" [E:\Software\25.QDAY\HeThongThiDQ\HeThongThiDQ.csproj]
C:\Program Files\dotnet\sdk\9.0.305\Microsoft.Common.CurrentVersion.targets(4916,5): warning MSB3026: Could not copy "obj\Debug\net8.0\HeThongThiDQ.dll" to "bin\Debug\net8.0\HeThongThiDQ.dll". Beginning retry 10 in 1000ms. The process cannot access the file 'E:\Software\25.QDAY\HeThongThiDQ\bin\Debug\net8.0\HeThongThiDQ.dll' because it is being used by another process. The file is locked by: "Microsoft Visual Studio 2022 (10064), IIS Express Worker Process (2368)" [E:\Software\25.QDAY\HeThongThiDQ\HeThongThiDQ.csproj]
C:\Program Files\dotnet\sdk\9.0.305\Microsoft.Common.CurrentVersion.targets(4916,5): error MSB3027: Could not copy "obj\Debug\net8.0\HeThongThiDQ.dll" to "bin\Debug\net8.0\HeThongThiDQ.dll". Exceeded retry count of 10. Failed. The file is locked by: "Microsoft Visual Studio 2022 (10064), IIS Express Worker Process (2368)" [E:\Software\25.QDAY\HeThongThiDQ\HeThongThiDQ.csproj]
C:\Program Files\dotnet\sdk\9.0.305\Microsoft.Common.CurrentVersion.targets(4916,5): error MSB3021: Unable to copy file "obj\Debug\net8.0\HeThongThiDQ.dll" to "bin\Debug\net8.0\HeThongThiDQ.dll". The process cannot access the file 'E:\Software\25.QDAY\HeThongThiDQ\bin\Debug\net8.0\HeThongThiDQ.dll' because it is being used by another process. [E:\Software\25.QDAY\HeThongThiDQ\HeThongThiDQ.csproj]

Build FAILED.

C:\Program Files\dotnet\sdk\9.0.305\Microsoft.Common.CurrentVersion.targets(4916,5): warning MSB3026: Could not copy "obj\Debug\net8.0\HeThongThiDQ.dll" to "bin\Debug\net8.0\HeThongThiDQ.dll". Beginning retry 1 in 1000ms. The process cannot access the file 'E:\Software\25.QDAY\HeThongThiDQ\bin\Debug\net8.0\HeThongThiDQ.dll' because it is being used by another process. The file is locked by: "Microsoft Visual Studio 2022 (10064), IIS Express Worker Process (2368)" [E:\Software\25.QDAY\HeThongThiDQ\HeThongThiDQ.csproj]
C:\Program Files\dotnet\sdk\9.0.305\Microsoft.Common.CurrentVersion.targets(4916,5): warning MSB3026: Could not copy "obj\Debug\net8.0\HeThongThiDQ.dll" to "bin\Debug\net8.0\HeThongThiDQ.dll". Beginning retry 2 in 1000ms. The process cannot access the file 'E:\Software\25.QDAY\HeThongThiDQ\bin\Debug\net8.0\HeThongThiDQ.dll' because it is being used by another process. The file is locked by: "Microsoft Visual Studio 2022 (10064), IIS Express Worker Process (2368)" [E:\Software\25.QDAY\HeThongThiDQ\HeThongThiDQ.csproj]
C:\Program Files\dotnet\sdk\9.0.305\Microsoft.Common.CurrentVersion.targets(4916,5): warning MSB3026: Could not copy "obj\Debug\net8.0\HeThongThiDQ.dll" to "bin\Debug\net8.0\HeThongThiDQ.dll". Beginning retry 3 in 1000ms. The process cannot access the file 'E:\Software\25.QDAY\HeThongThiDQ\bin\Debug\net8.0\HeThongThiDQ.dll' because it is being used by another process. The file is locked by: "Microsoft Visual Studio 2022 (10064), IIS Express Worker Process (2368)" [E:\Software\25.QDAY\HeThongThiDQ\HeThongThiDQ.csproj]
C:\Program Files\dotnet\sdk\9.0.305\Microsoft.Common.CurrentVersion.targets(4916,5): warning MSB3026: Could not copy "obj\Debug\net8.0\HeThongThiDQ.dll" to "bin\Debug\net8.0\HeThongThiDQ.dll". Beginning retry 4 in 1000ms. The process cannot access the file 'E:\Software\25.QDAY\HeThongThiDQ\bin\Debug\net8.0\HeThongThiDQ.dll' because it is being used by another process. The file is locked by: "Microsoft Visual Studio 2022 (10064), IIS Express Worker Process (2368)" [E:\Software\25.QDAY\HeThongThiDQ\HeThongThiDQ.csproj]
C:\Program Files\dotnet\sdk\9.0.305\Microsoft.Common.CurrentVersion.targets(4916,5): warning MSB3026: Could not copy "obj\Debug\net8.0\HeThongThiDQ.dll" to "bin\Debug\net8.0\HeThongThiDQ.dll". Beginning retry 5 in 1000ms. The process cannot access the file 'E:\Software\25.QDAY\HeThongThiDQ\bin\Debug\net8.0\HeThongThiDQ.dll' because it is being used by another process. The file is locked by: "Microsoft Visual Studio 2022 (10064), IIS Express Worker Process (2368)" [E:\Software\25.QDAY\HeThongThiDQ\HeThongThiDQ.csproj]
C:\Program Files\dotnet\sdk\9.0.305\Microsoft.Common.CurrentVersion.targets(4916,5): warning MSB3026: Could not copy "obj\Debug\net8.0\HeThongThiDQ.dll" to "bin\Debug\net8.0\HeThongThiDQ.dll". Beginning retry 6 in 1000ms. The process cannot access the file 'E:\Software\25.QDAY\HeThongThiDQ\bin\Debug\net8.0\HeThongThiDQ.dll' because it is being used by another process. The file is locked by: "Microsoft Visual Studio 2022 (10064), IIS Express Worker Process (2368)" [E:\Software\25.QDAY\HeThongThiDQ\HeThongThiDQ.csproj]
C:\Program Files\dotnet\sdk\9.0.305\Microsoft.Common.CurrentVersion.targets(4916,5): warning MSB3026: Could not copy "obj\Debug\net8.0\HeThongThiDQ.dll" to "bin\Debug\net8.0\HeThongThiDQ.dll". Beginning retry 7 in 1000ms. The process cannot access the file 'E:\Software\25.QDAY\HeThongThiDQ\bin\Debug\net8.0\HeThongThiDQ.dll' because it is being used by another process. The file is locked by: "Microsoft Visual Studio 2022 (10064), IIS Express Worker Process (2368)" [E:\Software\25.QDAY\HeThongThiDQ\HeThongThiDQ.csproj]
C:\Program Files\dotnet\sdk\9.0.305\Microsoft.Common.CurrentVersion.targets(4916,5): warning MSB3026: Could not copy "obj\Debug\net8.0\HeThongThiDQ.dll" to "bin\Debug\net8.0\HeThongThiDQ.dll". Beginning retry 8 in 1000ms. The process cannot access the file 'E:\Software\25.QDAY\HeThongThiDQ\bin\Debug\net8.0\HeThongThiDQ.dll' because it is being used by another process. The file is locked by: "Microsoft Visual Studio 2022 (10064), IIS Express Worker Process (2368)" [E:\Software\25.QDAY\HeThongThiDQ\HeThongThiDQ.csproj]
C:\Program Files\dotnet\sdk\9.0.305\Microsoft.Common.CurrentVersion.targets(4916,5): warning MSB3026: Could not copy "obj\Debug\net8.0\HeThongThiDQ.dll" to "bin\Debug\net8.0\HeThongThiDQ.dll". Beginning retry 9 in 1000ms. The process cannot access the file 'E:\Software\25.QDAY\HeThongThiDQ\bin\Debug\net8.0\HeThongThiDQ.dll' because it is being used by another process. The file is locked by: "Microsoft Visual Studio 2022 (10064), IIS Express Worker Process (2368)" [E:\Software\25.QDAY\HeThongThiDQ\HeThongThiDQ.csproj]
C:\Program Files\dotnet\sdk\9.0.305\Microsoft.Common.CurrentVersion.targets(4916,5): warning MSB3026: Could not copy "obj\Debug\net8.0\HeThongThiDQ.dll" to "bin\Debug\net8.0\HeThongThiDQ.dll". Beginning retry 10 in 1000ms. The process cannot access the file 'E:\Software\25.QDAY\HeThongThiDQ\bin\Debug\net8.0\HeThongThiDQ.dll' because it is being used by another process. The file is locked by: "Microsoft Visual Studio 2022 (10064), IIS Express Worker Process (2368)" [E:\Software\25.QDAY\HeThongThiDQ\HeThongThiDQ.csproj]
C:\Program Files\dotnet\sdk\9.0.305\Microsoft.Common.CurrentVersion.targets(4916,5): error MSB3027: Could not copy "obj\Debug\net8.0\HeThongThiDQ.dll" to "bin\Debug\net8.0\HeThongThiDQ.dll". Exceeded retry count of 10. Failed. The file is locked by: "Microsoft Visual Studio 2022 (10064), IIS Express Worker Process (2368)" [E:\Software\25.QDAY\HeThongThiDQ\HeThongThiDQ.csproj]
C:\Program Files\dotnet\sdk\9.0.305\Microsoft.Common.CurrentVersion.targets(4916,5): error MSB3021: Unable to copy file "obj\Debug\net8.0\HeThongThiDQ.dll" to "bin\Debug\net8.0\HeThongThiDQ.dll". The process cannot access the file 'E:\Software\25.QDAY\HeThongThiDQ\bin\Debug\net8.0\HeThongThiDQ.dll' because it is being used by another process. [E:\Software\25.QDAY\HeThongThiDQ\HeThongThiDQ.csproj]
    10 Warning(s)
    2 Error(s)

Time Elapsed 00:00:13.78

Workload updates are available. Run `dotnet workload list` for more information.
